Model loading...
Model loaded.
Data loaded.
Float model eval...
Float perplexity (wikitext2): 8.943
Applying model quantization...
Model quantization applied.
{'loss': 2.5208, 'grad_norm': 0.005279541015625, 'learning_rate': 0.04775, 'epoch': 0.05}
{'loss': 2.452, 'grad_norm': 0.005218505859375, 'learning_rate': 0.045250000000000005, 'epoch': 0.1}
{'loss': 2.4062, 'grad_norm': 0.005615234375, 'learning_rate': 0.04275, 'epoch': 0.15}
{'loss': 2.4493, 'grad_norm': 0.004974365234375, 'learning_rate': 0.04025000000000001, 'epoch': 0.2}
{'loss': 2.3744, 'grad_norm': 0.00518798828125, 'learning_rate': 0.037750000000000006, 'epoch': 0.25}
{'loss': 2.3771, 'grad_norm': 0.0048828125, 'learning_rate': 0.03525, 'epoch': 0.3}
{'loss': 2.3858, 'grad_norm': 0.004974365234375, 'learning_rate': 0.03275, 'epoch': 0.35}
{'loss': 2.3521, 'grad_norm': 0.004730224609375, 'learning_rate': 0.03025, 'epoch': 0.4}
{'loss': 2.3639, 'grad_norm': 0.004974365234375, 'learning_rate': 0.027750000000000004, 'epoch': 0.45}
{'loss': 2.3964, 'grad_norm': 0.00494384765625, 'learning_rate': 0.02525, 'epoch': 0.5}
{'loss': 2.3215, 'grad_norm': 0.00482177734375, 'learning_rate': 0.022750000000000003, 'epoch': 0.55}
{'loss': 2.3614, 'grad_norm': 0.0057373046875, 'learning_rate': 0.020250000000000004, 'epoch': 0.6}
{'loss': 2.3233, 'grad_norm': 0.004638671875, 'learning_rate': 0.01775, 'epoch': 0.65}
{'loss': 2.3558, 'grad_norm': 0.005706787109375, 'learning_rate': 0.01525, 'epoch': 0.7}
{'loss': 2.3245, 'grad_norm': 0.004638671875, 'learning_rate': 0.012750000000000001, 'epoch': 0.75}
{'loss': 2.3608, 'grad_norm': 0.004730224609375, 'learning_rate': 0.01025, 'epoch': 0.8}
{'loss': 2.3711, 'grad_norm': 0.0045166015625, 'learning_rate': 0.00775, 'epoch': 0.85}
{'loss': 2.3648, 'grad_norm': 0.004791259765625, 'learning_rate': 0.00525, 'epoch': 0.9}
{'loss': 2.3157, 'grad_norm': 0.0048828125, 'learning_rate': 0.0027500000000000003, 'epoch': 0.95}
{'loss': 2.3231, 'grad_norm': 0.00469970703125, 'learning_rate': 0.00025, 'epoch': 1.0}
{'train_runtime': 819.004, 'train_samples_per_second': 1.954, 'train_steps_per_second': 0.244, 'train_loss': 2.3750005912780763, 'epoch': 1.0}
Model eval...
Quantized perplexity (wikitext2): 10.114
{'all_acc': np.float64(0.48791104767075366),
 'all_acc_stderr': 0.010633510171966227,
 'arc:_average:0_acc': np.float64(0.4750369163765068),
 'arc:_average:0_acc_stderr': 0.011804163674248223,
 'arc:challenge:0_acc': np.float64(0.3242320819112628),
 'arc:challenge:0_acc_stderr': 0.013678810399518819,
 'arc:easy:0_acc': np.float64(0.6258417508417509),
 'arc:easy:0_acc_stderr': 0.009929516948977625,
 'hellaswag_lm_eval:0_acc': np.float64(0.44592710615415254),
 'hellaswag_lm_eval:0_acc_stderr': 0.004960516570284905,
 'winogrande:0_acc': np.float64(0.5556432517758485),
 'winogrande:0_acc_stderr': 0.013965196769083555}
