Model loading...
Model loaded.
Data loaded.
Float model eval...
Float perplexity (wikitext2): 8.943
Applying model quantization...
Model quantization applied.
{'loss': 2.7068, 'grad_norm': 0.020263671875, 'learning_rate': 0.00455, 'epoch': 0.05}
{'loss': 2.7475, 'grad_norm': 0.0196533203125, 'learning_rate': 0.004050000000000001, 'epoch': 0.1}
{'loss': 2.7343, 'grad_norm': 0.021240234375, 'learning_rate': 0.0035499999999999998, 'epoch': 0.15}
{'loss': 2.7911, 'grad_norm': 0.0216064453125, 'learning_rate': 0.00305, 'epoch': 0.2}
{'loss': 2.7172, 'grad_norm': 0.021484375, 'learning_rate': 0.00255, 'epoch': 0.25}
{'loss': 2.7426, 'grad_norm': 0.0203857421875, 'learning_rate': 0.0020499999999999997, 'epoch': 0.3}
{'loss': 2.768, 'grad_norm': 0.021728515625, 'learning_rate': 0.00155, 'epoch': 0.35}
{'loss': 2.7393, 'grad_norm': 0.0203857421875, 'learning_rate': 0.00105, 'epoch': 0.4}
{'loss': 2.754, 'grad_norm': 0.0223388671875, 'learning_rate': 0.00055, 'epoch': 0.45}
{'loss': 2.7731, 'grad_norm': 0.021484375, 'learning_rate': 5e-05, 'epoch': 0.5}
{'train_runtime': 405.8908, 'train_samples_per_second': 1.971, 'train_steps_per_second': 0.246, 'train_loss': 2.7473763465881347, 'epoch': 0.5}
Model eval...
Quantized perplexity (wikitext2): 13.352
{'all_acc': np.float64(0.4590865768564558),
 'all_acc_stderr': 0.010538364313149723,
 'arc:_average:0_acc': np.float64(0.4383553969731444),
 'arc:_average:0_acc_stderr': 0.011623267577179054,
 'arc:challenge:0_acc': np.float64(0.2832764505119454),
 'arc:challenge:0_acc_stderr': 0.013167478735134575,
 'arc:easy:0_acc': np.float64(0.5934343434343434),
 'arc:easy:0_acc_stderr': 0.010079056419223534,
 'hellaswag_lm_eval:0_acc': np.float64(0.41346345349531965),
 'hellaswag_lm_eval:0_acc_stderr': 0.0049144805345337165,
 'winogrande:0_acc': np.float64(0.5461720599842147),
 'winogrande:0_acc_stderr': 0.01399244156370707}
