Model loading...
Model loaded.
Data loaded.
Float model eval...
Float perplexity (wikitext2): 8.943
Applying model quantization...
Model quantization applied.
{'loss': 2.6265, 'grad_norm': 3.375, 'learning_rate': 1.5, 'epoch': 0.05}
{'loss': 2.5252, 'grad_norm': 3.078125, 'learning_rate': 1.5, 'epoch': 0.1}
{'loss': 2.4822, 'grad_norm': 3.4375, 'learning_rate': 1.5, 'epoch': 0.15}
{'loss': 2.527, 'grad_norm': 3.078125, 'learning_rate': 1.5, 'epoch': 0.2}
{'loss': 2.4537, 'grad_norm': 2.9375, 'learning_rate': 1.5, 'epoch': 0.25}
{'loss': 2.4553, 'grad_norm': 2.78125, 'learning_rate': 1.5, 'epoch': 0.3}
{'loss': 2.4554, 'grad_norm': 2.953125, 'learning_rate': 1.5, 'epoch': 0.35}
{'loss': 2.4227, 'grad_norm': 2.90625, 'learning_rate': 1.5, 'epoch': 0.4}
{'loss': 2.4396, 'grad_norm': 2.75, 'learning_rate': 1.5, 'epoch': 0.45}
{'loss': 2.464, 'grad_norm': 2.875, 'learning_rate': 1.5, 'epoch': 0.5}
{'loss': 2.3834, 'grad_norm': 2.921875, 'learning_rate': 1.5, 'epoch': 0.55}
{'loss': 2.4219, 'grad_norm': 3.0625, 'learning_rate': 1.5, 'epoch': 0.6}
{'loss': 2.3668, 'grad_norm': 2.65625, 'learning_rate': 1.5, 'epoch': 0.65}
{'loss': 2.4076, 'grad_norm': 2.734375, 'learning_rate': 1.5, 'epoch': 0.7}
{'loss': 2.3706, 'grad_norm': 2.75, 'learning_rate': 1.5, 'epoch': 0.75}
{'loss': 2.4029, 'grad_norm': 2.59375, 'learning_rate': 1.5, 'epoch': 0.8}
{'loss': 2.4083, 'grad_norm': 2.796875, 'learning_rate': 1.5, 'epoch': 0.85}
{'loss': 2.407, 'grad_norm': 2.78125, 'learning_rate': 1.5, 'epoch': 0.9}
{'loss': 2.3788, 'grad_norm': 2.84375, 'learning_rate': 1.5, 'epoch': 0.95}
{'loss': 2.3267, 'grad_norm': 2.65625, 'learning_rate': 1.5, 'epoch': 1.0}
{'train_runtime': 621.6765, 'train_samples_per_second': 2.574, 'train_steps_per_second': 0.322, 'train_loss': 2.436275453567505, 'epoch': 1.0}
Model eval...
Quantized perplexity (wikitext2): 11.551
{'all_acc': np.float64(0.45925262121937427),
 'all_acc_stderr': 0.010589423928962406,
 'arc:_average:0_acc': np.float64(0.43927758816837315),
 'arc:_average:0_acc_stderr': 0.011723016635581781,
 'arc:challenge:0_acc': np.float64(0.295221843003413),
 'arc:challenge:0_acc_stderr': 0.013329750293382318,
 'arc:easy:0_acc': np.float64(0.5833333333333334),
 'arc:easy:0_acc_stderr': 0.010116282977781244,
 'hellaswag_lm_eval:0_acc': np.float64(0.4138617805218084),
 'hellaswag_lm_eval:0_acc_stderr': 0.004915177406956255,
 'winogrande:0_acc': np.float64(0.5445935280189423),
 'winogrande:0_acc_stderr': 0.01399648503772981}
