Model loading...
Model loaded.
Data loaded.
Float model eval...
Float perplexity (wikitext2): 8.943
Applying model quantization...
Model quantization applied.
{'loss': 2.7068, 'grad_norm': 0.0146484375, 'learning_rate': 0.00182, 'epoch': 0.05}
{'loss': 2.7475, 'grad_norm': 0.01416015625, 'learning_rate': 0.0016200000000000001, 'epoch': 0.1}
{'loss': 2.7343, 'grad_norm': 0.01544189453125, 'learning_rate': 0.00142, 'epoch': 0.15}
{'loss': 2.7911, 'grad_norm': 0.01556396484375, 'learning_rate': 0.00122, 'epoch': 0.2}
{'loss': 2.7172, 'grad_norm': 0.015625, 'learning_rate': 0.00102, 'epoch': 0.25}
{'loss': 2.7426, 'grad_norm': 0.0146484375, 'learning_rate': 0.00082, 'epoch': 0.3}
{'loss': 2.768, 'grad_norm': 0.015625, 'learning_rate': 0.00062, 'epoch': 0.35}
{'loss': 2.7393, 'grad_norm': 0.014892578125, 'learning_rate': 0.00042, 'epoch': 0.4}
{'loss': 2.754, 'grad_norm': 0.0157470703125, 'learning_rate': 0.00022, 'epoch': 0.45}
{'loss': 2.7731, 'grad_norm': 0.015625, 'learning_rate': 2e-05, 'epoch': 0.5}
{'train_runtime': 441.6932, 'train_samples_per_second': 1.811, 'train_steps_per_second': 0.226, 'train_loss': 2.7473763465881347, 'epoch': 0.5}
Model eval...
Quantized perplexity (wikitext2): 13.352
{'all_acc': np.float64(0.45838518865409095),
 'all_acc_stderr': 0.01053713580363348,
 'arc:_average:0_acc': np.float64(0.43729746268142167),
 'arc:_average:0_acc_stderr': 0.01161970356206922,
 'arc:challenge:0_acc': np.float64(0.28242320819112626),
 'arc:challenge:0_acc_stderr': 0.01315545688409722,
 'arc:easy:0_acc': np.float64(0.5921717171717171),
 'arc:easy:0_acc_stderr': 0.010083950240041217,
 'hellaswag_lm_eval:0_acc': np.float64(0.4135630352519418),
 'hellaswag_lm_eval:0_acc_stderr': 0.004914655063329495,
 'winogrande:0_acc': np.float64(0.5453827940015785),
 'winogrande:0_acc_stderr': 0.01399448102706599}
