Model loading...
Model loaded.
Data loaded.
Float model eval...
Float perplexity (wikitext2): 8.943
Applying model quantization...
Model quantization applied.
{'loss': 2.7068, 'grad_norm': 0.020263671875, 'learning_rate': 0.00191, 'epoch': 0.05}
{'loss': 2.7475, 'grad_norm': 0.0196533203125, 'learning_rate': 0.0018100000000000002, 'epoch': 0.1}
{'loss': 2.7343, 'grad_norm': 0.021240234375, 'learning_rate': 0.00171, 'epoch': 0.15}
{'loss': 2.7911, 'grad_norm': 0.0216064453125, 'learning_rate': 0.00161, 'epoch': 0.2}
{'loss': 2.7172, 'grad_norm': 0.021484375, 'learning_rate': 0.00151, 'epoch': 0.25}
{'loss': 2.7426, 'grad_norm': 0.0203857421875, 'learning_rate': 0.00141, 'epoch': 0.3}
{'loss': 2.768, 'grad_norm': 0.021728515625, 'learning_rate': 0.0013100000000000002, 'epoch': 0.35}
{'loss': 2.7393, 'grad_norm': 0.0203857421875, 'learning_rate': 0.00121, 'epoch': 0.4}
{'loss': 2.754, 'grad_norm': 0.0223388671875, 'learning_rate': 0.00111, 'epoch': 0.45}
{'loss': 2.7731, 'grad_norm': 0.021484375, 'learning_rate': 0.00101, 'epoch': 0.5}
{'loss': 2.7095, 'grad_norm': 0.0225830078125, 'learning_rate': 0.00091, 'epoch': 0.55}
{'loss': 2.7422, 'grad_norm': 0.0203857421875, 'learning_rate': 0.0008100000000000001, 'epoch': 0.6}
{'loss': 2.7041, 'grad_norm': 0.0196533203125, 'learning_rate': 0.00071, 'epoch': 0.65}
{'loss': 2.7619, 'grad_norm': 0.0230712890625, 'learning_rate': 0.00061, 'epoch': 0.7}
{'loss': 2.7211, 'grad_norm': 0.02001953125, 'learning_rate': 0.00051, 'epoch': 0.75}
{'loss': 2.7446, 'grad_norm': 0.02001953125, 'learning_rate': 0.00041, 'epoch': 0.8}
{'loss': 2.7748, 'grad_norm': 0.0203857421875, 'learning_rate': 0.00031, 'epoch': 0.85}
{'loss': 2.7659, 'grad_norm': 0.0213623046875, 'learning_rate': 0.00021, 'epoch': 0.9}
{'loss': 2.7224, 'grad_norm': 0.0242919921875, 'learning_rate': 0.00011, 'epoch': 0.95}
{'loss': 2.7191, 'grad_norm': 0.0213623046875, 'learning_rate': 1e-05, 'epoch': 1.0}
{'train_runtime': 878.7023, 'train_samples_per_second': 1.821, 'train_steps_per_second': 0.228, 'train_loss': 2.7419604587554933, 'epoch': 1.0}
Model eval...
Quantized perplexity (wikitext2): 13.352
{'all_acc': np.float64(0.4590865768564558),
 'all_acc_stderr': 0.010538364313149723,
 'arc:_average:0_acc': np.float64(0.4383553969731444),
 'arc:_average:0_acc_stderr': 0.011623267577179054,
 'arc:challenge:0_acc': np.float64(0.2832764505119454),
 'arc:challenge:0_acc_stderr': 0.013167478735134575,
 'arc:easy:0_acc': np.float64(0.5934343434343434),
 'arc:easy:0_acc_stderr': 0.010079056419223534,
 'hellaswag_lm_eval:0_acc': np.float64(0.41346345349531965),
 'hellaswag_lm_eval:0_acc_stderr': 0.0049144805345337165,
 'winogrande:0_acc': np.float64(0.5461720599842147),
 'winogrande:0_acc_stderr': 0.01399244156370707}
