Model loading...
Model loaded.
Data loaded.
Float model eval...
Float perplexity (wikitext2): 12.017
Applying model quantization...
Model quantization applied.
{'loss': 2.9277, 'grad_norm': 0.0172119140625, 'learning_rate': 0.00191, 'epoch': 0.05}
{'loss': 2.9692, 'grad_norm': 0.0191650390625, 'learning_rate': 0.0018100000000000002, 'epoch': 0.1}
{'loss': 2.9587, 'grad_norm': 0.0213623046875, 'learning_rate': 0.00171, 'epoch': 0.15}
{'loss': 3.0159, 'grad_norm': 0.0194091796875, 'learning_rate': 0.00161, 'epoch': 0.2}
{'loss': 2.9399, 'grad_norm': 0.0208740234375, 'learning_rate': 0.00151, 'epoch': 0.25}
{'loss': 2.9649, 'grad_norm': 0.0191650390625, 'learning_rate': 0.00141, 'epoch': 0.3}
{'loss': 2.9891, 'grad_norm': 0.0189208984375, 'learning_rate': 0.0013100000000000002, 'epoch': 0.35}
{'loss': 2.9621, 'grad_norm': 0.0208740234375, 'learning_rate': 0.00121, 'epoch': 0.4}
{'loss': 2.9788, 'grad_norm': 0.0201416015625, 'learning_rate': 0.00111, 'epoch': 0.45}
{'loss': 3.0005, 'grad_norm': 0.023193359375, 'learning_rate': 0.00101, 'epoch': 0.5}
{'loss': 2.9323, 'grad_norm': 0.01953125, 'learning_rate': 0.00091, 'epoch': 0.55}
{'loss': 2.964, 'grad_norm': 0.021240234375, 'learning_rate': 0.0008100000000000001, 'epoch': 0.6}
{'loss': 2.9207, 'grad_norm': 0.0194091796875, 'learning_rate': 0.00071, 'epoch': 0.65}
{'loss': 2.989, 'grad_norm': 0.0194091796875, 'learning_rate': 0.00061, 'epoch': 0.7}
{'loss': 2.9408, 'grad_norm': 0.0181884765625, 'learning_rate': 0.00051, 'epoch': 0.75}
{'loss': 2.9645, 'grad_norm': 0.01904296875, 'learning_rate': 0.00041, 'epoch': 0.8}
{'loss': 2.9996, 'grad_norm': 0.0181884765625, 'learning_rate': 0.00031, 'epoch': 0.85}
{'loss': 2.998, 'grad_norm': 0.019287109375, 'learning_rate': 0.00021, 'epoch': 0.9}
{'loss': 2.9495, 'grad_norm': 0.020263671875, 'learning_rate': 0.00011, 'epoch': 0.95}
{'loss': 2.9421, 'grad_norm': 0.0196533203125, 'learning_rate': 1e-05, 'epoch': 1.0}
{'train_runtime': 896.3752, 'train_samples_per_second': 1.785, 'train_steps_per_second': 0.223, 'train_loss': 2.9653649044036867, 'epoch': 1.0}
Model eval...
Quantized perplexity (wikitext2): 16.733
{'all_acc': np.float64(0.47045137654241376),
 'all_acc_stderr': 0.010530132880992032,
 'arc:_average:0_acc': np.float64(0.4556744923639122),
 'arc:_average:0_acc_stderr': 0.011631229300395212,
 'arc:challenge:0_acc': np.float64(0.29266211604095566),
 'arc:challenge:0_acc_stderr': 0.01329591610361941,
 'arc:easy:0_acc': np.float64(0.6186868686868687),
 'arc:easy:0_acc_stderr': 0.009966542497171016,
 'hellaswag_lm_eval:0_acc': np.float64(0.4100776737701653),
 'hellaswag_lm_eval:0_acc_stderr': 0.004908423147162028,
 'winogrande:0_acc': np.float64(0.5603788476716653),
 'winogrande:0_acc_stderr': 0.013949649776015679}
