Model loading...
Model loaded.
Data loaded.
Float model eval...
Float perplexity (wikitext2): 12.017
Applying model quantization...
Model quantization applied.
{'loss': 2.9465, 'grad_norm': 2.9375, 'learning_rate': 1.5, 'epoch': 0.05}
{'loss': 2.6987, 'grad_norm': 3.5, 'learning_rate': 1.5, 'epoch': 0.1}
{'loss': 2.6448, 'grad_norm': 2.734375, 'learning_rate': 1.5, 'epoch': 0.15}
{'loss': 2.6954, 'grad_norm': 3.203125, 'learning_rate': 1.5, 'epoch': 0.2}
{'loss': 2.6091, 'grad_norm': 2.8125, 'learning_rate': 1.5, 'epoch': 0.25}
{'loss': 2.618, 'grad_norm': 2.78125, 'learning_rate': 1.5, 'epoch': 0.3}
{'loss': 2.6112, 'grad_norm': 2.75, 'learning_rate': 1.5, 'epoch': 0.35}
{'loss': 2.5776, 'grad_norm': 2.96875, 'learning_rate': 1.5, 'epoch': 0.4}
{'loss': 2.6178, 'grad_norm': 2.8125, 'learning_rate': 1.5, 'epoch': 0.45}
{'loss': 2.6404, 'grad_norm': 3.328125, 'learning_rate': 1.5, 'epoch': 0.5}
{'loss': 2.5722, 'grad_norm': 2.84375, 'learning_rate': 1.5, 'epoch': 0.55}
{'loss': 2.604, 'grad_norm': 3.125, 'learning_rate': 1.5, 'epoch': 0.6}
{'loss': 2.5343, 'grad_norm': 2.734375, 'learning_rate': 1.5, 'epoch': 0.65}
{'loss': 2.6032, 'grad_norm': 3.015625, 'learning_rate': 1.5, 'epoch': 0.7}
{'loss': 2.5659, 'grad_norm': 2.78125, 'learning_rate': 1.5, 'epoch': 0.75}
{'loss': 2.596, 'grad_norm': 2.703125, 'learning_rate': 1.5, 'epoch': 0.8}
{'loss': 2.6169, 'grad_norm': 3.203125, 'learning_rate': 1.5, 'epoch': 0.85}
{'loss': 2.6207, 'grad_norm': 2.65625, 'learning_rate': 1.5, 'epoch': 0.9}
{'loss': 2.5887, 'grad_norm': 2.953125, 'learning_rate': 1.5, 'epoch': 0.95}
{'loss': 2.5214, 'grad_norm': 2.890625, 'learning_rate': 1.5, 'epoch': 1.0}
{'train_runtime': 625.0341, 'train_samples_per_second': 2.56, 'train_steps_per_second': 0.32, 'train_loss': 2.6241586685180662, 'epoch': 1.0}
Model eval...
Quantized perplexity (wikitext2): 15.366
{'all_acc': np.float64(0.43410730760203653),
 'all_acc_stderr': 0.010518046064245876,
 'arc:_average:0_acc': np.float64(0.4218837981636616),
 'arc:_average:0_acc_stderr': 0.011603085038132493,
 'arc:challenge:0_acc': np.float64(0.27474402730375425),
 'arc:challenge:0_acc_stderr': 0.013044617212771227,
 'arc:easy:0_acc': np.float64(0.569023569023569),
 'arc:easy:0_acc_stderr': 0.01016155286349376,
 'hellaswag_lm_eval:0_acc': np.float64(0.3725353515236009),
 'hellaswag_lm_eval:0_acc_stderr': 0.004824917516374189,
 'winogrande:0_acc': np.float64(0.5201262825572218),
 'winogrande:0_acc_stderr': 0.014041096664344327}
