Model loading...
Model loaded.
Data loaded.
Float model eval...
Float perplexity (wikitext2): 8.943
Applying model quantization...
Model quantization applied.
{'loss': 2.5302, 'grad_norm': 0.0059814453125, 'learning_rate': 0.0191, 'epoch': 0.05}
{'loss': 2.5153, 'grad_norm': 0.006134033203125, 'learning_rate': 0.0181, 'epoch': 0.1}
{'loss': 2.4895, 'grad_norm': 0.00616455078125, 'learning_rate': 0.0171, 'epoch': 0.15}
{'loss': 2.5444, 'grad_norm': 0.00592041015625, 'learning_rate': 0.0161, 'epoch': 0.2}
{'loss': 2.4761, 'grad_norm': 0.006134033203125, 'learning_rate': 0.0151, 'epoch': 0.25}
{'loss': 2.4935, 'grad_norm': 0.005889892578125, 'learning_rate': 0.0141, 'epoch': 0.3}
{'loss': 2.5184, 'grad_norm': 0.0062255859375, 'learning_rate': 0.0131, 'epoch': 0.35}
{'loss': 2.4899, 'grad_norm': 0.005859375, 'learning_rate': 0.0121, 'epoch': 0.4}
{'loss': 2.5029, 'grad_norm': 0.006256103515625, 'learning_rate': 0.0111, 'epoch': 0.45}
{'loss': 2.5312, 'grad_norm': 0.005584716796875, 'learning_rate': 0.0101, 'epoch': 0.5}
{'loss': 2.4623, 'grad_norm': 0.006011962890625, 'learning_rate': 0.0091, 'epoch': 0.55}
{'loss': 2.496, 'grad_norm': 0.00823974609375, 'learning_rate': 0.008100000000000001, 'epoch': 0.6}
{'loss': 2.4614, 'grad_norm': 0.005828857421875, 'learning_rate': 0.0070999999999999995, 'epoch': 0.65}
{'loss': 2.5071, 'grad_norm': 0.00640869140625, 'learning_rate': 0.0061, 'epoch': 0.7}
{'loss': 2.4709, 'grad_norm': 0.005767822265625, 'learning_rate': 0.0051, 'epoch': 0.75}
{'loss': 2.5009, 'grad_norm': 0.005889892578125, 'learning_rate': 0.0040999999999999995, 'epoch': 0.8}
{'loss': 2.5248, 'grad_norm': 0.005706787109375, 'learning_rate': 0.0031, 'epoch': 0.85}
{'loss': 2.5114, 'grad_norm': 0.00604248046875, 'learning_rate': 0.0021, 'epoch': 0.9}
{'loss': 2.4658, 'grad_norm': 0.0064697265625, 'learning_rate': 0.0011, 'epoch': 0.95}
{'loss': 2.4708, 'grad_norm': 0.006072998046875, 'learning_rate': 0.0001, 'epoch': 1.0}
{'train_runtime': 801.6665, 'train_samples_per_second': 1.996, 'train_steps_per_second': 0.249, 'train_loss': 2.4981427574157715, 'epoch': 1.0}
Model eval...
Quantized perplexity (wikitext2): 10.882
{'all_acc': np.float64(0.481671893303659),
 'all_acc_stderr': 0.010573457636509109,
 'arc:_average:0_acc': np.float64(0.45869531492398385),
 'arc:_average:0_acc_stderr': 0.011715102981469185,
 'arc:challenge:0_acc': np.float64(0.3037542662116041),
 'arc:challenge:0_acc_stderr': 0.013438909184778748,
 'arc:easy:0_acc': np.float64(0.6136363636363636),
 'arc:easy:0_acc_stderr': 0.009991296778159622,
 'hellaswag_lm_eval:0_acc': np.float64(0.4386576379207329),
 'hellaswag_lm_eval:0_acc_stderr': 0.004952087083128898,
 'winogrande:0_acc': np.float64(0.5706393054459353),
 'winogrande:0_acc_stderr': 0.013911537499969168}
