Model loading...
Model loaded.
Data loaded.
Float model eval...
Float perplexity (wikitext2): 12.017
Applying model quantization...
Model quantization applied.
{'loss': 2.9277, 'grad_norm': 0.0172119140625, 'learning_rate': 0.00091, 'epoch': 0.05}
{'loss': 2.9692, 'grad_norm': 0.0191650390625, 'learning_rate': 0.0008100000000000001, 'epoch': 0.1}
{'loss': 2.9587, 'grad_norm': 0.0213623046875, 'learning_rate': 0.00071, 'epoch': 0.15}
{'loss': 3.0159, 'grad_norm': 0.0194091796875, 'learning_rate': 0.00061, 'epoch': 0.2}
{'loss': 2.9399, 'grad_norm': 0.0208740234375, 'learning_rate': 0.00051, 'epoch': 0.25}
{'loss': 2.9649, 'grad_norm': 0.0191650390625, 'learning_rate': 0.00041, 'epoch': 0.3}
{'loss': 2.9891, 'grad_norm': 0.0189208984375, 'learning_rate': 0.00031, 'epoch': 0.35}
{'loss': 2.9621, 'grad_norm': 0.0208740234375, 'learning_rate': 0.00021, 'epoch': 0.4}
{'loss': 2.9788, 'grad_norm': 0.0201416015625, 'learning_rate': 0.00011, 'epoch': 0.45}
{'loss': 3.0005, 'grad_norm': 0.023193359375, 'learning_rate': 1e-05, 'epoch': 0.5}
{'train_runtime': 441.2108, 'train_samples_per_second': 1.813, 'train_steps_per_second': 0.227, 'train_loss': 2.9706862449645994, 'epoch': 0.5}
Model eval...
Quantized perplexity (wikitext2): 16.733
{'all_acc': np.float64(0.47070518526007377),
 'all_acc_stderr': 0.01054305868446409,
 'arc:_average:0_acc': np.float64(0.4571705392951127),
 'arc:_average:0_acc_stderr': 0.011654782468542966,
 'arc:challenge:0_acc': np.float64(0.2960750853242321),
 'arc:challenge:0_acc_stderr': 0.013340916085246264,
 'arc:easy:0_acc': np.float64(0.6182659932659933),
 'arc:easy:0_acc_stderr': 0.009968648851839667,
 'hellaswag_lm_eval:0_acc': np.float64(0.40967934674367656),
 'hellaswag_lm_eval:0_acc_stderr': 0.004907694727935691,
 'winogrande:0_acc': np.float64(0.5588003157063931),
 'winogrande:0_acc_stderr': 0.013954975072834741}
