Model loading...
Model loaded.
Data loaded.
Float model eval...
Float perplexity (wikitext2): 12.017
Applying model quantization...
Model quantization applied.
{'loss': 2.9277, 'grad_norm': 0.0172119140625, 'learning_rate': 0.006685, 'epoch': 0.05}
{'loss': 2.9692, 'grad_norm': 0.0191650390625, 'learning_rate': 0.006335, 'epoch': 0.1}
{'loss': 2.9591, 'grad_norm': 0.0208740234375, 'learning_rate': 0.005985, 'epoch': 0.15}
{'loss': 3.0155, 'grad_norm': 0.01904296875, 'learning_rate': 0.005635, 'epoch': 0.2}
{'loss': 2.9359, 'grad_norm': 0.0201416015625, 'learning_rate': 0.005285, 'epoch': 0.25}
{'loss': 2.966, 'grad_norm': 0.0194091796875, 'learning_rate': 0.004935, 'epoch': 0.3}
{'loss': 2.9869, 'grad_norm': 0.01904296875, 'learning_rate': 0.0045850000000000005, 'epoch': 0.35}
{'loss': 2.9632, 'grad_norm': 0.0213623046875, 'learning_rate': 0.004235, 'epoch': 0.4}
{'loss': 2.9809, 'grad_norm': 0.01953125, 'learning_rate': 0.0038850000000000004, 'epoch': 0.45}
{'loss': 3.0017, 'grad_norm': 0.024169921875, 'learning_rate': 0.003535, 'epoch': 0.5}
{'loss': 2.9315, 'grad_norm': 0.01953125, 'learning_rate': 0.0031850000000000003, 'epoch': 0.55}
{'loss': 2.9638, 'grad_norm': 0.0208740234375, 'learning_rate': 0.0028350000000000003, 'epoch': 0.6}
{'loss': 2.9189, 'grad_norm': 0.0194091796875, 'learning_rate': 0.002485, 'epoch': 0.65}
{'loss': 2.9891, 'grad_norm': 0.019775390625, 'learning_rate': 0.002135, 'epoch': 0.7}
{'loss': 2.9403, 'grad_norm': 0.0181884765625, 'learning_rate': 0.0017850000000000001, 'epoch': 0.75}
{'loss': 2.965, 'grad_norm': 0.0191650390625, 'learning_rate': 0.0014349999999999999, 'epoch': 0.8}
{'loss': 3.0003, 'grad_norm': 0.0186767578125, 'learning_rate': 0.001085, 'epoch': 0.85}
{'loss': 2.9972, 'grad_norm': 0.0191650390625, 'learning_rate': 0.000735, 'epoch': 0.9}
{'loss': 2.948, 'grad_norm': 0.0198974609375, 'learning_rate': 0.00038500000000000003, 'epoch': 0.95}
{'loss': 2.9432, 'grad_norm': 0.01904296875, 'learning_rate': 3.5000000000000004e-05, 'epoch': 1.0}
{'train_runtime': 889.5643, 'train_samples_per_second': 1.799, 'train_steps_per_second': 0.225, 'train_loss': 2.9651601028442385, 'epoch': 1.0}
Model eval...
Quantized perplexity (wikitext2): 16.684
{'all_acc': np.float64(0.467357756587257),
 'all_acc_stderr': 0.010527548516137014,
 'arc:_average:0_acc': np.float64(0.45249494374920995),
 'arc:_average:0_acc_stderr': 0.011615566651997443,
 'arc:challenge:0_acc': np.float64(0.28924914675767915),
 'arc:challenge:0_acc_stderr': 0.013250012579393443,
 'arc:easy:0_acc': np.float64(0.6157407407407407),
 'arc:easy:0_acc_stderr': 0.009981120724601443,
 'hellaswag_lm_eval:0_acc': np.float64(0.41037641904003186),
 'hellaswag_lm_eval:0_acc_stderr': 0.004908967278222484,
 'winogrande:0_acc': np.float64(0.5540647198105761),
 'winogrande:0_acc_stderr': 0.013970093482330683}
