Model loading...
Model loaded.
Data loaded.
Float model eval...
Float perplexity (wikitext2): 12.017
Applying model quantization...
Model quantization applied.
{'loss': 2.9196, 'grad_norm': 3.40625, 'learning_rate': 1.5, 'epoch': 0.05}
{'loss': 2.7111, 'grad_norm': 3.4375, 'learning_rate': 1.5, 'epoch': 0.1}
{'loss': 2.6681, 'grad_norm': 3.84375, 'learning_rate': 1.5, 'epoch': 0.15}
{'loss': 2.7203, 'grad_norm': 3.609375, 'learning_rate': 1.5, 'epoch': 0.2}
{'loss': 2.6364, 'grad_norm': 3.28125, 'learning_rate': 1.5, 'epoch': 0.25}
{'loss': 2.6515, 'grad_norm': 3.140625, 'learning_rate': 1.5, 'epoch': 0.3}
{'loss': 2.6422, 'grad_norm': 3.4375, 'learning_rate': 1.5, 'epoch': 0.35}
{'loss': 2.6194, 'grad_norm': 3.90625, 'learning_rate': 1.5, 'epoch': 0.4}
{'loss': 2.6559, 'grad_norm': 3.28125, 'learning_rate': 1.5, 'epoch': 0.45}
{'loss': 2.6666, 'grad_norm': 4.03125, 'learning_rate': 1.5, 'epoch': 0.5}
{'loss': 2.6007, 'grad_norm': 3.421875, 'learning_rate': 1.5, 'epoch': 0.55}
{'loss': 2.6501, 'grad_norm': 3.28125, 'learning_rate': 1.5, 'epoch': 0.6}
{'loss': 2.5758, 'grad_norm': 2.90625, 'learning_rate': 1.5, 'epoch': 0.65}
{'loss': 2.6394, 'grad_norm': 3.4375, 'learning_rate': 1.5, 'epoch': 0.7}
{'loss': 2.6158, 'grad_norm': 2.96875, 'learning_rate': 1.5, 'epoch': 0.75}
{'loss': 2.6575, 'grad_norm': 3.25, 'learning_rate': 1.5, 'epoch': 0.8}
{'loss': 2.6588, 'grad_norm': 3.546875, 'learning_rate': 1.5, 'epoch': 0.85}
{'loss': 2.6744, 'grad_norm': 2.953125, 'learning_rate': 1.5, 'epoch': 0.9}
{'loss': 2.6432, 'grad_norm': 3.109375, 'learning_rate': 1.5, 'epoch': 0.95}
{'loss': 2.5726, 'grad_norm': 3.015625, 'learning_rate': 1.5, 'epoch': 1.0}
{'train_runtime': 1000.942, 'train_samples_per_second': 1.598, 'train_steps_per_second': 0.2, 'train_loss': 2.658966417312622, 'epoch': 1.0}
Model eval...
Quantized perplexity (wikitext2): 16.357
{'all_acc': np.float64(0.417004916644181),
 'all_acc_stderr': 0.010453515254157603,
 'arc:_average:0_acc': np.float64(0.3979894220935176),
 'arc:_average:0_acc_stderr': 0.011505205191689459,
 'arc:challenge:0_acc': np.float64(0.257679180887372),
 'arc:challenge:0_acc_stderr': 0.0127807705627684,
 'arc:easy:0_acc': np.float64(0.5382996632996633),
 'arc:easy:0_acc_stderr': 0.010229639820610517,
 'hellaswag_lm_eval:0_acc': np.float64(0.3511252738498307),
 'hellaswag_lm_eval:0_acc_stderr': 0.004763465139038549,
 'winogrande:0_acc': np.float64(0.5209155485398579),
 'winogrande:0_acc_stderr': 0.014040185494212949}
