Model loading...
Model loaded.
Data loaded.
Float model eval...
Float perplexity (wikitext2): 12.017
Applying model quantization...
Model quantization applied.
{'loss': 2.9277, 'grad_norm': 0.0172119140625, 'learning_rate': 0.00455, 'epoch': 0.05}
{'loss': 2.9692, 'grad_norm': 0.0191650390625, 'learning_rate': 0.004050000000000001, 'epoch': 0.1}
{'loss': 2.9587, 'grad_norm': 0.0213623046875, 'learning_rate': 0.0035499999999999998, 'epoch': 0.15}
{'loss': 3.0159, 'grad_norm': 0.0194091796875, 'learning_rate': 0.00305, 'epoch': 0.2}
{'loss': 2.9399, 'grad_norm': 0.0208740234375, 'learning_rate': 0.00255, 'epoch': 0.25}
{'loss': 2.9649, 'grad_norm': 0.0191650390625, 'learning_rate': 0.0020499999999999997, 'epoch': 0.3}
{'loss': 2.9891, 'grad_norm': 0.0189208984375, 'learning_rate': 0.00155, 'epoch': 0.35}
{'loss': 2.9621, 'grad_norm': 0.0208740234375, 'learning_rate': 0.00105, 'epoch': 0.4}
{'loss': 2.9788, 'grad_norm': 0.0201416015625, 'learning_rate': 0.00055, 'epoch': 0.45}
{'loss': 3.0005, 'grad_norm': 0.023193359375, 'learning_rate': 5e-05, 'epoch': 0.5}
{'train_runtime': 443.4417, 'train_samples_per_second': 1.804, 'train_steps_per_second': 0.226, 'train_loss': 2.9706862449645994, 'epoch': 0.5}
Model eval...
Quantized perplexity (wikitext2): 16.733
{'all_acc': np.float64(0.47094204428903225),
 'all_acc_stderr': 0.010546682543627364,
 'arc:_average:0_acc': np.float64(0.45675540961377137),
 'arc:_average:0_acc_stderr': 0.01166451052249497,
 'arc:challenge:0_acc': np.float64(0.29692832764505117),
 'arc:challenge:0_acc_stderr': 0.013352025976725223,
 'arc:easy:0_acc': np.float64(0.6165824915824916),
 'arc:easy:0_acc_stderr': 0.009976995068264717,
 'hellaswag_lm_eval:0_acc': np.float64(0.40987851025692096),
 'hellaswag_lm_eval:0_acc_stderr': 0.004908059353503844,
 'winogrande:0_acc': np.float64(0.5603788476716653),
 'winogrande:0_acc_stderr': 0.013949649776015673}
