Model loading...
Model loaded.
Data loaded.
Float model eval...
Float perplexity (wikitext2): 8.943
Applying model quantization...
Model quantization applied.
{'loss': 2.7068, 'grad_norm': 0.0146484375, 'learning_rate': 0.004775, 'epoch': 0.05}
{'loss': 2.7475, 'grad_norm': 0.01416015625, 'learning_rate': 0.004525, 'epoch': 0.1}
{'loss': 2.7343, 'grad_norm': 0.01544189453125, 'learning_rate': 0.004275, 'epoch': 0.15}
{'loss': 2.7898, 'grad_norm': 0.01519775390625, 'learning_rate': 0.004025, 'epoch': 0.2}
{'loss': 2.7176, 'grad_norm': 0.015625, 'learning_rate': 0.003775, 'epoch': 0.25}
{'loss': 2.7426, 'grad_norm': 0.0146484375, 'learning_rate': 0.003525, 'epoch': 0.3}
{'loss': 2.768, 'grad_norm': 0.015625, 'learning_rate': 0.003275, 'epoch': 0.35}
{'loss': 2.7393, 'grad_norm': 0.014892578125, 'learning_rate': 0.003025, 'epoch': 0.4}
{'loss': 2.754, 'grad_norm': 0.0157470703125, 'learning_rate': 0.002775, 'epoch': 0.45}
{'loss': 2.7731, 'grad_norm': 0.015625, 'learning_rate': 0.002525, 'epoch': 0.5}
{'loss': 2.7095, 'grad_norm': 0.0164794921875, 'learning_rate': 0.002275, 'epoch': 0.55}
{'loss': 2.7422, 'grad_norm': 0.0147705078125, 'learning_rate': 0.0020250000000000003, 'epoch': 0.6}
{'loss': 2.7041, 'grad_norm': 0.0142822265625, 'learning_rate': 0.0017749999999999999, 'epoch': 0.65}
{'loss': 2.7614, 'grad_norm': 0.0162353515625, 'learning_rate': 0.001525, 'epoch': 0.7}
{'loss': 2.7209, 'grad_norm': 0.01458740234375, 'learning_rate': 0.001275, 'epoch': 0.75}
{'loss': 2.7448, 'grad_norm': 0.0146484375, 'learning_rate': 0.0010249999999999999, 'epoch': 0.8}
{'loss': 2.7752, 'grad_norm': 0.01507568359375, 'learning_rate': 0.000775, 'epoch': 0.85}
{'loss': 2.7654, 'grad_norm': 0.01519775390625, 'learning_rate': 0.000525, 'epoch': 0.9}
{'loss': 2.7215, 'grad_norm': 0.0177001953125, 'learning_rate': 0.000275, 'epoch': 0.95}
{'loss': 2.7184, 'grad_norm': 0.01519775390625, 'learning_rate': 2.5e-05, 'epoch': 1.0}
{'train_runtime': 785.7273, 'train_samples_per_second': 2.036, 'train_steps_per_second': 0.255, 'train_loss': 2.741809663772583, 'epoch': 1.0}
Model eval...
Quantized perplexity (wikitext2): 13.332
{'all_acc': np.float64(0.4647852067818141),
 'all_acc_stderr': 0.010519486282396474,
 'arc:_average:0_acc': np.float64(0.4391971478148953),
 'arc:_average:0_acc_stderr': 0.01161995134776514,
 'arc:challenge:0_acc': np.float64(0.2832764505119454),
 'arc:challenge:0_acc_stderr': 0.013167478735134576,
 'arc:easy:0_acc': np.float64(0.5951178451178452),
 'arc:easy:0_acc_stderr': 0.010072423960395701,
 'hellaswag_lm_eval:0_acc': np.float64(0.41326428998207526),
 'hellaswag_lm_eval:0_acc_stderr': 0.004914130855431782,
 'winogrande:0_acc': np.float64(0.5674822415153907),
 'winogrande:0_acc_stderr': 0.013923911578623839}
