Model loading...
Model loaded.
Data loaded.
Float model eval...
Float perplexity (wikitext2): 8.943
Applying model quantization...
Model quantization applied.
{'loss': 2.6224, 'grad_norm': 3.53125, 'learning_rate': 1.5, 'epoch': 0.05}
{'loss': 2.5108, 'grad_norm': 3.03125, 'learning_rate': 1.5, 'epoch': 0.1}
{'loss': 2.4749, 'grad_norm': 2.75, 'learning_rate': 1.5, 'epoch': 0.15}
{'loss': 2.523, 'grad_norm': 2.9375, 'learning_rate': 1.5, 'epoch': 0.2}
{'loss': 2.4477, 'grad_norm': 2.8125, 'learning_rate': 1.5, 'epoch': 0.25}
{'loss': 2.4529, 'grad_norm': 2.53125, 'learning_rate': 1.5, 'epoch': 0.3}
{'loss': 2.4569, 'grad_norm': 2.875, 'learning_rate': 1.5, 'epoch': 0.35}
{'loss': 2.4191, 'grad_norm': 2.71875, 'learning_rate': 1.5, 'epoch': 0.4}
{'loss': 2.4379, 'grad_norm': 2.640625, 'learning_rate': 1.5, 'epoch': 0.45}
{'loss': 2.4609, 'grad_norm': 2.8125, 'learning_rate': 1.5, 'epoch': 0.5}
{'train_runtime': 318.3821, 'train_samples_per_second': 2.513, 'train_steps_per_second': 0.314, 'train_loss': 2.4806280899047852, 'epoch': 0.5}
Model eval...
Quantized perplexity (wikitext2): 11.041
{'all_acc': np.float64(0.4572038535262835),
 'all_acc_stderr': 0.010516516916434713,
 'arc:_average:0_acc': np.float64(0.427571362085014),
 'arc:_average:0_acc_stderr': 0.011593141967154184,
 'arc:challenge:0_acc': np.float64(0.27559726962457337),
 'arc:challenge:0_acc_stderr': 0.013057169655761838,
 'arc:easy:0_acc': np.float64(0.5795454545454546),
 'arc:easy:0_acc_stderr': 0.010129114278546531,
 'hellaswag_lm_eval:0_acc': np.float64(0.4164509061939853),
 'hellaswag_lm_eval:0_acc_stderr': 0.004919626380645506,
 'winogrande:0_acc': np.float64(0.5572217837411207),
 'winogrande:0_acc_stderr': 0.013960157350784982}
