Model loading...
Model loaded.
Data loaded.
Float model eval...
Float perplexity (wikitext2): 8.943
Applying model quantization...
Model quantization applied.
{'loss': 2.6211, 'grad_norm': 3.109375, 'learning_rate': 1.5, 'epoch': 0.05}
{'loss': 2.5614, 'grad_norm': 3.1875, 'learning_rate': 1.5, 'epoch': 0.1}
{'loss': 2.5298, 'grad_norm': 2.90625, 'learning_rate': 1.5, 'epoch': 0.15}
{'loss': 2.5834, 'grad_norm': 3.078125, 'learning_rate': 1.5, 'epoch': 0.2}
{'loss': 2.5134, 'grad_norm': 3.015625, 'learning_rate': 1.5, 'epoch': 0.25}
{'loss': 2.523, 'grad_norm': 2.890625, 'learning_rate': 1.5, 'epoch': 0.3}
{'loss': 2.5392, 'grad_norm': 3.1875, 'learning_rate': 1.5, 'epoch': 0.35}
{'loss': 2.5052, 'grad_norm': 2.96875, 'learning_rate': 1.5, 'epoch': 0.4}
{'loss': 2.5166, 'grad_norm': 3.484375, 'learning_rate': 1.5, 'epoch': 0.45}
{'loss': 2.5405, 'grad_norm': 2.984375, 'learning_rate': 1.5, 'epoch': 0.5}
{'train_runtime': 319.1211, 'train_samples_per_second': 2.507, 'train_steps_per_second': 0.313, 'train_loss': 2.5433541679382325, 'epoch': 0.5}
Model eval...
Quantized perplexity (wikitext2): 11.087
{'all_acc': np.float64(0.469963335617426),
 'all_acc_stderr': 0.010551123145444728,
 'arc:_average:0_acc': np.float64(0.44282055480860943),
 'arc:_average:0_acc_stderr': 0.011666160162899782,
 'arc:challenge:0_acc': np.float64(0.2901023890784983),
 'arc:challenge:0_acc_stderr': 0.013261573677520778,
 'arc:easy:0_acc': np.float64(0.5955387205387206),
 'arc:easy:0_acc_stderr': 0.010070746648278785,
 'hellaswag_lm_eval:0_acc': np.float64(0.429097789285003),
 'hellaswag_lm_eval:0_acc_stderr': 0.004939358145561318,
 'winogrande:0_acc': np.float64(0.5651144435674822),
 'winogrande:0_acc_stderr': 0.013932814110418032}
