Model loading...
Model loaded.
Data loaded.
Float model eval...
Float perplexity (wikitext2): 8.943
Applying model quantization...
Model quantization applied.
{'loss': 2.7075, 'grad_norm': 3.796875, 'learning_rate': 1.5, 'epoch': 0.05}
{'loss': 2.6315, 'grad_norm': 3.5625, 'learning_rate': 1.5, 'epoch': 0.1}
{'loss': 2.5897, 'grad_norm': 3.359375, 'learning_rate': 1.5, 'epoch': 0.15}
{'loss': 2.6277, 'grad_norm': 3.390625, 'learning_rate': 1.5, 'epoch': 0.2}
{'loss': 2.5521, 'grad_norm': 3.6875, 'learning_rate': 1.5, 'epoch': 0.25}
{'loss': 2.5681, 'grad_norm': 3.375, 'learning_rate': 1.5, 'epoch': 0.3}
{'loss': 2.5789, 'grad_norm': 3.203125, 'learning_rate': 1.5, 'epoch': 0.35}
{'loss': 2.5387, 'grad_norm': 3.0, 'learning_rate': 1.5, 'epoch': 0.4}
{'loss': 2.5507, 'grad_norm': 3.65625, 'learning_rate': 1.5, 'epoch': 0.45}
{'loss': 2.5761, 'grad_norm': 3.15625, 'learning_rate': 1.5, 'epoch': 0.5}
{'loss': 2.4973, 'grad_norm': 3.328125, 'learning_rate': 1.5, 'epoch': 0.55}
{'loss': 2.5333, 'grad_norm': 3.171875, 'learning_rate': 1.5, 'epoch': 0.6}
{'loss': 2.4883, 'grad_norm': 3.046875, 'learning_rate': 1.5, 'epoch': 0.65}
{'loss': 2.5348, 'grad_norm': 3.21875, 'learning_rate': 1.5, 'epoch': 0.7}
{'loss': 2.4964, 'grad_norm': 3.09375, 'learning_rate': 1.5, 'epoch': 0.75}
{'loss': 2.5259, 'grad_norm': 2.859375, 'learning_rate': 1.5, 'epoch': 0.8}
{'loss': 2.5504, 'grad_norm': 3.25, 'learning_rate': 1.5, 'epoch': 0.85}
{'loss': 2.5274, 'grad_norm': 3.09375, 'learning_rate': 1.5, 'epoch': 0.9}
{'loss': 2.4884, 'grad_norm': 3.375, 'learning_rate': 1.5, 'epoch': 0.95}
{'loss': 2.4812, 'grad_norm': 3.0625, 'learning_rate': 1.5, 'epoch': 1.0}
{'train_runtime': 625.1458, 'train_samples_per_second': 2.559, 'train_steps_per_second': 0.32, 'train_loss': 2.5522205352783205, 'epoch': 1.0}
Model eval...
Quantized perplexity (wikitext2): 11.197
{'all_acc': np.float64(0.46582405083751466),
 'all_acc_stderr': 0.010518057107824802,
 'arc:_average:0_acc': np.float64(0.4376953551441606),
 'arc:_average:0_acc_stderr': 0.011587076921974781,
 'arc:challenge:0_acc': np.float64(0.2790102389078498),
 'arc:challenge:0_acc_stderr': 0.013106784883601343,
 'arc:easy:0_acc': np.float64(0.5963804713804713),
 'arc:easy:0_acc_stderr': 0.01006736896034822,
 'hellaswag_lm_eval:0_acc': np.float64(0.4298944433379805),
 'hellaswag_lm_eval:0_acc_stderr': 0.004940490508240649,
 'winogrande:0_acc': np.float64(0.5580110497237569),
 'winogrande:0_acc_stderr': 0.013957584079108994}
