Model loading...
Model loaded.
Data loaded.
Float model eval...
Float perplexity (wikitext2): 8.943
Applying model quantization...
Model quantization applied.
{'loss': 2.7397, 'grad_norm': 4.875, 'learning_rate': 1.5, 'epoch': 0.05}
{'loss': 2.6707, 'grad_norm': 4.375, 'learning_rate': 1.5, 'epoch': 0.1}
{'loss': 2.6226, 'grad_norm': 4.0625, 'learning_rate': 1.5, 'epoch': 0.15}
{'loss': 2.6604, 'grad_norm': 4.15625, 'learning_rate': 1.5, 'epoch': 0.2}
{'loss': 2.5761, 'grad_norm': 4.03125, 'learning_rate': 1.5, 'epoch': 0.25}
{'loss': 2.5826, 'grad_norm': 3.828125, 'learning_rate': 1.5, 'epoch': 0.3}
{'loss': 2.5976, 'grad_norm': 4.0, 'learning_rate': 1.5, 'epoch': 0.35}
{'loss': 2.554, 'grad_norm': 3.265625, 'learning_rate': 1.5, 'epoch': 0.4}
{'loss': 2.5701, 'grad_norm': 4.59375, 'learning_rate': 1.5, 'epoch': 0.45}
{'loss': 2.591, 'grad_norm': 4.125, 'learning_rate': 1.5, 'epoch': 0.5}
{'loss': 2.516, 'grad_norm': 4.0, 'learning_rate': 1.5, 'epoch': 0.55}
{'loss': 2.5528, 'grad_norm': 3.578125, 'learning_rate': 1.5, 'epoch': 0.6}
{'loss': 2.5105, 'grad_norm': 3.34375, 'learning_rate': 1.5, 'epoch': 0.65}
{'loss': 2.5607, 'grad_norm': 3.578125, 'learning_rate': 1.5, 'epoch': 0.7}
{'loss': 2.5155, 'grad_norm': 3.265625, 'learning_rate': 1.5, 'epoch': 0.75}
{'loss': 2.5393, 'grad_norm': 3.46875, 'learning_rate': 1.5, 'epoch': 0.8}
{'loss': 2.5691, 'grad_norm': 3.375, 'learning_rate': 1.5, 'epoch': 0.85}
{'loss': 2.55, 'grad_norm': 3.96875, 'learning_rate': 1.5, 'epoch': 0.9}
{'loss': 2.5091, 'grad_norm': 3.65625, 'learning_rate': 1.5, 'epoch': 0.95}
{'loss': 2.5048, 'grad_norm': 3.234375, 'learning_rate': 1.5, 'epoch': 1.0}
{'train_runtime': 1036.1901, 'train_samples_per_second': 1.544, 'train_steps_per_second': 0.193, 'train_loss': 2.5746278953552246, 'epoch': 1.0}
Model eval...
Quantized perplexity (wikitext2): 11.241
{'all_acc': np.float64(0.4634779783653846),
 'all_acc_stderr': 0.010525912433520204,
 'arc:_average:0_acc': np.float64(0.4330714712540651),
 'arc:_average:0_acc_stderr': 0.011612459713982025,
 'arc:challenge:0_acc': np.float64(0.27986348122866894),
 'arc:challenge:0_acc_stderr': 0.013119040897725922,
 'arc:easy:0_acc': np.float64(0.5862794612794613),
 'arc:easy:0_acc_stderr': 0.01010587853023813,
 'hellaswag_lm_eval:0_acc': np.float64(0.42581159131647084),
 'hellaswag_lm_eval:0_acc_stderr': 0.004934549009645964,
 'winogrande:0_acc': np.float64(0.5619573796369376),
 'winogrande:0_acc_stderr': 0.013944181296470804}
