Model loading...
Model loaded.
Data loaded.
Float model eval...
Float perplexity (wikitext2): 12.017
Applying model quantization...
Model quantization applied.
{'loss': 2.9277, 'grad_norm': 0.0172119140625, 'learning_rate': 0.00182, 'epoch': 0.05}
{'loss': 2.9692, 'grad_norm': 0.0191650390625, 'learning_rate': 0.0016200000000000001, 'epoch': 0.1}
{'loss': 2.9587, 'grad_norm': 0.0213623046875, 'learning_rate': 0.00142, 'epoch': 0.15}
{'loss': 3.0159, 'grad_norm': 0.0194091796875, 'learning_rate': 0.00122, 'epoch': 0.2}
{'loss': 2.9399, 'grad_norm': 0.0208740234375, 'learning_rate': 0.00102, 'epoch': 0.25}
{'loss': 2.9649, 'grad_norm': 0.0191650390625, 'learning_rate': 0.00082, 'epoch': 0.3}
{'loss': 2.9891, 'grad_norm': 0.0189208984375, 'learning_rate': 0.00062, 'epoch': 0.35}
{'loss': 2.9621, 'grad_norm': 0.0208740234375, 'learning_rate': 0.00042, 'epoch': 0.4}
{'loss': 2.9788, 'grad_norm': 0.0201416015625, 'learning_rate': 0.00022, 'epoch': 0.45}
{'loss': 3.0005, 'grad_norm': 0.023193359375, 'learning_rate': 2e-05, 'epoch': 0.5}
{'train_runtime': 438.6174, 'train_samples_per_second': 1.824, 'train_steps_per_second': 0.228, 'train_loss': 2.9706862449645994, 'epoch': 0.5}
Model eval...
Quantized perplexity (wikitext2): 16.733
{'all_acc': np.float64(0.4698491787104251),
 'all_acc_stderr': 0.010536392262368592,
 'arc:_average:0_acc': np.float64(0.45525936268257083),
 'arc:_average:0_acc_stderr': 0.011641085414738801,
 'arc:challenge:0_acc': np.float64(0.2935153583617747),
 'arc:challenge:0_acc_stderr': 0.013307250444941129,
 'arc:easy:0_acc': np.float64(0.617003367003367),
 'arc:easy:0_acc_stderr': 0.009974920384536472,
 'hellaswag_lm_eval:0_acc': np.float64(0.4100776737701653),
 'hellaswag_lm_eval:0_acc_stderr': 0.004908423147162028,
 'winogrande:0_acc': np.float64(0.5588003157063931),
 'winogrande:0_acc_stderr': 0.013954975072834741}
