Model loading...
Model loaded.
Data loaded.
Float model eval...
Float perplexity (wikitext2): 12.017
Applying model quantization...
Model quantization applied.
{'loss': 2.8471, 'grad_norm': 3.0, 'learning_rate': 1.5, 'epoch': 0.05}
{'loss': 2.6793, 'grad_norm': 3.390625, 'learning_rate': 1.5, 'epoch': 0.1}
{'loss': 2.6324, 'grad_norm': 2.84375, 'learning_rate': 1.5, 'epoch': 0.15}
{'loss': 2.6825, 'grad_norm': 2.6875, 'learning_rate': 1.5, 'epoch': 0.2}
{'loss': 2.5948, 'grad_norm': 2.796875, 'learning_rate': 1.5, 'epoch': 0.25}
{'loss': 2.6034, 'grad_norm': 2.640625, 'learning_rate': 1.5, 'epoch': 0.3}
{'loss': 2.595, 'grad_norm': 2.78125, 'learning_rate': 1.5, 'epoch': 0.35}
{'loss': 2.5628, 'grad_norm': 2.703125, 'learning_rate': 1.5, 'epoch': 0.4}
{'loss': 2.5767, 'grad_norm': 2.5625, 'learning_rate': 1.5, 'epoch': 0.45}
{'loss': 2.5973, 'grad_norm': 2.84375, 'learning_rate': 1.5, 'epoch': 0.5}
{'train_runtime': 332.9739, 'train_samples_per_second': 2.403, 'train_steps_per_second': 0.3, 'train_loss': 2.637127685546875, 'epoch': 0.5}
Model eval...
Quantized perplexity (wikitext2): 12.557
{'all_acc': np.float64(0.4771517569534931),
 'all_acc_stderr': 0.010546309574841229,
 'arc:_average:0_acc': np.float64(0.4643598958871996),
 'arc:_average:0_acc_stderr': 0.011663605491791823,
 'arc:challenge:0_acc': np.float64(0.30119453924914674),
 'arc:challenge:0_acc_stderr': 0.013406741767847627,
 'arc:easy:0_acc': np.float64(0.6275252525252525),
 'arc:easy:0_acc_stderr': 0.00992046921573602,
 'hellaswag_lm_eval:0_acc': np.float64(0.41635132443736306),
 'hellaswag_lm_eval:0_acc_stderr': 0.004919457850104248,
 'winogrande:0_acc': np.float64(0.56353591160221),
 'winogrande:0_acc_stderr': 0.013938569465677023}
