Model loading...
Model loaded.
Data loaded.
Float model eval...
Float perplexity (wikitext2): 12.017
Applying model quantization...
Model quantization applied.
{'loss': 4.8024, 'grad_norm': 11.3125, 'learning_rate': 1.5, 'epoch': 0.05}
{'loss': 4.1616, 'grad_norm': 17.5, 'learning_rate': 1.5, 'epoch': 0.1}
{'loss': 4.3709, 'grad_norm': 12.1875, 'learning_rate': 1.5, 'epoch': 0.15}
{'loss': 4.3324, 'grad_norm': 9.625, 'learning_rate': 1.5, 'epoch': 0.2}
{'loss': 4.2198, 'grad_norm': 7.84375, 'learning_rate': 1.5, 'epoch': 0.25}
{'loss': 4.1752, 'grad_norm': 8.875, 'learning_rate': 1.5, 'epoch': 0.3}
{'loss': 4.1353, 'grad_norm': 9.875, 'learning_rate': 1.5, 'epoch': 0.35}
{'loss': 4.08, 'grad_norm': 7.40625, 'learning_rate': 1.5, 'epoch': 0.4}
{'loss': 4.1636, 'grad_norm': 10.0, 'learning_rate': 1.5, 'epoch': 0.45}
{'loss': 4.123, 'grad_norm': 9.125, 'learning_rate': 1.5, 'epoch': 0.5}
{'loss': 4.0125, 'grad_norm': 10.1875, 'learning_rate': 1.5, 'epoch': 0.55}
{'loss': 4.0863, 'grad_norm': 8.5625, 'learning_rate': 1.5, 'epoch': 0.6}
{'loss': 3.9969, 'grad_norm': 9.5625, 'learning_rate': 1.5, 'epoch': 0.65}
{'loss': 4.064, 'grad_norm': 6.25, 'learning_rate': 1.5, 'epoch': 0.7}
{'loss': 4.0934, 'grad_norm': 8.8125, 'learning_rate': 1.5, 'epoch': 0.75}
{'loss': 4.0477, 'grad_norm': 8.875, 'learning_rate': 1.5, 'epoch': 0.8}
{'loss': 4.1225, 'grad_norm': 7.21875, 'learning_rate': 1.5, 'epoch': 0.85}
{'loss': 4.1328, 'grad_norm': 10.4375, 'learning_rate': 1.5, 'epoch': 0.9}
{'loss': 4.0639, 'grad_norm': 9.0625, 'learning_rate': 1.5, 'epoch': 0.95}
{'loss': 3.9936, 'grad_norm': 6.125, 'learning_rate': 1.5, 'epoch': 1.0}
{'train_runtime': 705.9332, 'train_samples_per_second': 2.267, 'train_steps_per_second': 0.283, 'train_loss': 4.1588912773132325, 'epoch': 1.0}
Model eval...
Quantized perplexity (wikitext2): 59.660
{'all_acc': np.float64(0.30885288234529373),
 'all_acc_stderr': 0.009843479819451337,
 'arc:_average:0_acc': np.float64(0.24540628124245872),
 'arc:_average:0_acc_stderr': 0.010457050766179102,
 'arc:challenge:0_acc': np.float64(0.19283276450511946),
 'arc:challenge:0_acc_stderr': 0.011529055465663332,
 'arc:easy:0_acc': np.float64(0.29797979797979796),
 'arc:easy:0_acc_stderr': 0.009385046066694871,
 'hellaswag_lm_eval:0_acc': np.float64(0.26867157936666003),
 'hellaswag_lm_eval:0_acc_stderr': 0.004423628080052016,
 'winogrande:0_acc': np.float64(0.47592738752959746),
 'winogrande:0_acc_stderr': 0.01403618966539513}
