Model loading...
Model loaded.
Data loaded.
Float model eval...
Float perplexity (wikitext2): 8.943
Applying model quantization...
Model quantization applied.
{'loss': 2.6224, 'grad_norm': 3.53125, 'learning_rate': 1.5, 'epoch': 0.05}
{'loss': 2.5108, 'grad_norm': 3.03125, 'learning_rate': 1.5, 'epoch': 0.1}
{'loss': 2.4749, 'grad_norm': 2.75, 'learning_rate': 1.5, 'epoch': 0.15}
{'loss': 2.523, 'grad_norm': 2.9375, 'learning_rate': 1.5, 'epoch': 0.2}
{'loss': 2.4477, 'grad_norm': 2.8125, 'learning_rate': 1.5, 'epoch': 0.25}
{'loss': 2.4529, 'grad_norm': 2.53125, 'learning_rate': 1.5, 'epoch': 0.3}
{'loss': 2.4569, 'grad_norm': 2.875, 'learning_rate': 1.5, 'epoch': 0.35}
{'loss': 2.4191, 'grad_norm': 2.71875, 'learning_rate': 1.5, 'epoch': 0.4}
{'loss': 2.4379, 'grad_norm': 2.640625, 'learning_rate': 1.5, 'epoch': 0.45}
{'loss': 2.4609, 'grad_norm': 2.8125, 'learning_rate': 1.5, 'epoch': 0.5}
{'loss': 2.381, 'grad_norm': 2.546875, 'learning_rate': 1.5, 'epoch': 0.55}
{'loss': 2.4186, 'grad_norm': 2.5, 'learning_rate': 1.5, 'epoch': 0.6}
{'loss': 2.3674, 'grad_norm': 2.59375, 'learning_rate': 1.5, 'epoch': 0.65}
{'loss': 2.4139, 'grad_norm': 2.59375, 'learning_rate': 1.5, 'epoch': 0.7}
{'loss': 2.3731, 'grad_norm': 2.515625, 'learning_rate': 1.5, 'epoch': 0.75}
{'loss': 2.4068, 'grad_norm': 2.453125, 'learning_rate': 1.5, 'epoch': 0.8}
{'loss': 2.4122, 'grad_norm': 2.515625, 'learning_rate': 1.5, 'epoch': 0.85}
{'loss': 2.408, 'grad_norm': 2.609375, 'learning_rate': 1.5, 'epoch': 0.9}
{'loss': 2.3752, 'grad_norm': 2.71875, 'learning_rate': 1.5, 'epoch': 0.95}
{'loss': 2.3378, 'grad_norm': 2.75, 'learning_rate': 1.5, 'epoch': 1.0}
{'train_runtime': 618.3279, 'train_samples_per_second': 2.588, 'train_steps_per_second': 0.323, 'train_loss': 2.4350183391571045, 'epoch': 1.0}
Model eval...
Quantized perplexity (wikitext2): 11.247
{'all_acc': np.float64(0.45788672824816723),
 'all_acc_stderr': 0.010534738900361095,
 'arc:_average:0_acc': np.float64(0.4347607186771009),
 'arc:_average:0_acc_stderr': 0.011613950969396637,
 'arc:challenge:0_acc': np.float64(0.28071672354948807),
 'arc:challenge:0_acc_stderr': 0.013131238126975591,
 'arc:easy:0_acc': np.float64(0.5888047138047138),
 'arc:easy:0_acc_stderr': 0.010096663811817681,
 'hellaswag_lm_eval:0_acc': np.float64(0.41585341565425216),
 'hellaswag_lm_eval:0_acc_stderr': 0.00491861209894404,
 'winogrande:0_acc': np.float64(0.5461720599842147),
 'winogrande:0_acc_stderr': 0.01399244156370707}
