Model loading...
Model loaded.
Data loaded.
Float model eval...
Float perplexity (wikitext2): 12.017
Applying model quantization...
Model quantization applied.
{'loss': 2.9277, 'grad_norm': 0.0172119140625, 'learning_rate': 0.006370000000000001, 'epoch': 0.05}
{'loss': 2.9692, 'grad_norm': 0.0191650390625, 'learning_rate': 0.0056700000000000006, 'epoch': 0.1}
{'loss': 2.9587, 'grad_norm': 0.0213623046875, 'learning_rate': 0.00497, 'epoch': 0.15}
{'loss': 3.0159, 'grad_norm': 0.0194091796875, 'learning_rate': 0.00427, 'epoch': 0.2}
{'loss': 2.9409, 'grad_norm': 0.0208740234375, 'learning_rate': 0.0035700000000000003, 'epoch': 0.25}
{'loss': 2.9645, 'grad_norm': 0.019287109375, 'learning_rate': 0.0028699999999999997, 'epoch': 0.3}
{'loss': 2.9894, 'grad_norm': 0.01904296875, 'learning_rate': 0.00217, 'epoch': 0.35}
{'loss': 2.9624, 'grad_norm': 0.020751953125, 'learning_rate': 0.00147, 'epoch': 0.4}
{'loss': 2.9793, 'grad_norm': 0.0201416015625, 'learning_rate': 0.0007700000000000001, 'epoch': 0.45}
{'loss': 3.0006, 'grad_norm': 0.0230712890625, 'learning_rate': 7.000000000000001e-05, 'epoch': 0.5}
{'train_runtime': 445.5916, 'train_samples_per_second': 1.795, 'train_steps_per_second': 0.224, 'train_loss': 2.97086763381958, 'epoch': 0.5}
Model eval...
Quantized perplexity (wikitext2): 16.717
{'all_acc': np.float64(0.47592638255961905),
 'all_acc_stderr': 0.01058000493872755,
 'arc:_average:0_acc': np.float64(0.4642069155721033),
 'arc:_average:0_acc_stderr': 0.011739300456204688,
 'arc:challenge:0_acc': np.float64(0.3097269624573379),
 'arc:challenge:0_acc_stderr': 0.01351205841523836,
 'arc:easy:0_acc': np.float64(0.6186868686868687),
 'arc:easy:0_acc_stderr': 0.009966542497171016,
 'hellaswag_lm_eval:0_acc': np.float64(0.41017725552678747),
 'hellaswag_lm_eval:0_acc_stderr': 0.004908604732082811,
 'winogrande:0_acc': np.float64(0.5651144435674822),
 'winogrande:0_acc_stderr': 0.013932814110418015}
