Model loading...
Model loaded.
Data loaded.
Float model eval...
Float perplexity (wikitext2): 8.943
Applying model quantization...
Model quantization applied.
{'loss': 2.5206, 'grad_norm': 0.00537109375, 'learning_rate': 0.045500000000000006, 'epoch': 0.05}
{'loss': 2.4527, 'grad_norm': 0.00518798828125, 'learning_rate': 0.04050000000000001, 'epoch': 0.1}
{'loss': 2.4071, 'grad_norm': 0.005523681640625, 'learning_rate': 0.0355, 'epoch': 0.15}
{'loss': 2.4576, 'grad_norm': 0.00494384765625, 'learning_rate': 0.0305, 'epoch': 0.2}
{'loss': 2.3833, 'grad_norm': 0.005279541015625, 'learning_rate': 0.025500000000000002, 'epoch': 0.25}
{'loss': 2.394, 'grad_norm': 0.004852294921875, 'learning_rate': 0.0205, 'epoch': 0.3}
{'loss': 2.4069, 'grad_norm': 0.005096435546875, 'learning_rate': 0.0155, 'epoch': 0.35}
{'loss': 2.383, 'grad_norm': 0.00494384765625, 'learning_rate': 0.0105, 'epoch': 0.4}
{'loss': 2.398, 'grad_norm': 0.0091552734375, 'learning_rate': 0.0055000000000000005, 'epoch': 0.45}
{'loss': 2.4315, 'grad_norm': 0.0048828125, 'learning_rate': 0.0005, 'epoch': 0.5}
{'train_runtime': 414.1089, 'train_samples_per_second': 1.932, 'train_steps_per_second': 0.241, 'train_loss': 2.4234766006469726, 'epoch': 0.5}
Model eval...
Quantized perplexity (wikitext2): 10.307
{'all_acc': np.float64(0.4865041866368177),
 'all_acc_stderr': 0.010561434813177811,
 'arc:_average:0_acc': np.float64(0.4620623182909872),
 'arc:_average:0_acc_stderr': 0.011698473455123662,
 'arc:challenge:0_acc': np.float64(0.3037542662116041),
 'arc:challenge:0_acc_stderr': 0.013438909184778759,
 'arc:easy:0_acc': np.float64(0.6203703703703703),
 'arc:easy:0_acc_stderr': 0.009958037725468565,
 'hellaswag_lm_eval:0_acc': np.float64(0.4457279426409082),
 'hellaswag_lm_eval:0_acc_stderr': 0.004960299952519405,
 'winogrande:0_acc': np.float64(0.5761641673243884),
 'winogrande:0_acc_stderr': 0.013888492389944513}
