Model loading...
Model loaded.
Data loaded.
Float model eval...
Float perplexity (wikitext2): 12.017
Applying model quantization...
Model quantization applied.
{'loss': 2.9277, 'grad_norm': 0.0230712890625, 'learning_rate': 0.000955, 'epoch': 0.05}
{'loss': 2.9692, 'grad_norm': 0.025390625, 'learning_rate': 0.0009050000000000001, 'epoch': 0.1}
{'loss': 2.9587, 'grad_norm': 0.028564453125, 'learning_rate': 0.000855, 'epoch': 0.15}
{'loss': 3.0159, 'grad_norm': 0.0263671875, 'learning_rate': 0.000805, 'epoch': 0.2}
{'loss': 2.9399, 'grad_norm': 0.027587890625, 'learning_rate': 0.000755, 'epoch': 0.25}
{'loss': 2.9649, 'grad_norm': 0.0257568359375, 'learning_rate': 0.000705, 'epoch': 0.3}
{'loss': 2.9891, 'grad_norm': 0.0252685546875, 'learning_rate': 0.0006550000000000001, 'epoch': 0.35}
{'loss': 2.9621, 'grad_norm': 0.027587890625, 'learning_rate': 0.000605, 'epoch': 0.4}
{'loss': 2.9788, 'grad_norm': 0.0272216796875, 'learning_rate': 0.000555, 'epoch': 0.45}
{'loss': 3.0005, 'grad_norm': 0.03125, 'learning_rate': 0.000505, 'epoch': 0.5}
{'loss': 2.9323, 'grad_norm': 0.0257568359375, 'learning_rate': 0.000455, 'epoch': 0.55}
{'loss': 2.964, 'grad_norm': 0.028564453125, 'learning_rate': 0.00040500000000000003, 'epoch': 0.6}
{'loss': 2.9207, 'grad_norm': 0.0262451171875, 'learning_rate': 0.000355, 'epoch': 0.65}
{'loss': 2.989, 'grad_norm': 0.0257568359375, 'learning_rate': 0.000305, 'epoch': 0.7}
{'loss': 2.9408, 'grad_norm': 0.0244140625, 'learning_rate': 0.000255, 'epoch': 0.75}
{'loss': 2.9645, 'grad_norm': 0.0255126953125, 'learning_rate': 0.000205, 'epoch': 0.8}
{'loss': 2.9996, 'grad_norm': 0.024169921875, 'learning_rate': 0.000155, 'epoch': 0.85}
{'loss': 2.998, 'grad_norm': 0.0257568359375, 'learning_rate': 0.000105, 'epoch': 0.9}
{'loss': 2.9495, 'grad_norm': 0.027099609375, 'learning_rate': 5.5e-05, 'epoch': 0.95}
{'loss': 2.9421, 'grad_norm': 0.0262451171875, 'learning_rate': 5e-06, 'epoch': 1.0}
{'train_runtime': 874.6209, 'train_samples_per_second': 1.829, 'train_steps_per_second': 0.229, 'train_loss': 2.9653649044036867, 'epoch': 1.0}
Model eval...
Quantized perplexity (wikitext2): 16.733
{'all_acc': np.float64(0.4705296085884946),
 'all_acc_stderr': 0.01055473144051354,
 'arc:_average:0_acc': np.float64(0.4576086519345905),
 'arc:_average:0_acc_stderr': 0.011675536841666737,
 'arc:challenge:0_acc': np.float64(0.2986348122866894),
 'arc:challenge:0_acc_stderr': 0.013374078615068756,
 'arc:easy:0_acc': np.float64(0.6165824915824916),
 'arc:easy:0_acc_stderr': 0.009976995068264717,
 'hellaswag_lm_eval:0_acc': np.float64(0.40967934674367656),
 'hellaswag_lm_eval:0_acc_stderr': 0.004907694727935691,
 'winogrande:0_acc': np.float64(0.5572217837411207),
 'winogrande:0_acc_stderr': 0.013960157350785}
